<p>
fixtures/testing<br>
fixtures/123<br>
expected/default_options<br>
expected/custom_options
</p>
