[
    "expected/custom_options",
    "expected/default_options",
    "fixtures/123",
    "fixtures/testing"
]
